HI-TECH Software C Compiler 

Linker command line:

--edf=C:\Program Files\HI-TECH Software\PICC-18\PRO\9.66\dat\en_msgs.txt \
  -cs -h+ledtoggle.sym -z -Q18F4431 -ol.obj -Mledtoggle.map -E1 \
  -ACODE=00h-03FFFh -ACONST=00h-03FFFh -ASMALLCONST=0300h-03FFhx61 \
  -AMEDIUMCONST=0300h-03FFFh -ARAM=00h-0FFhx2,0200h-029Fh \
  -ABIGRAM=00h-029Fh -ACOMRAM=00h-05Fh -AABS1=00h-029Fh -ABANK0=00h-0FFh \
  -ABANK1=0100h-01FFh -ABANK2=0200h-029Fh -ANVRAM=0200h-029Fh \
  -preset_vec=00h,intcode,intcodelo,powerup,init,end_init -pramtop=0300h \
  -psmallconst=SMALLCONST -pmediumconst=MEDIUMCONST -pconst=CONST \
  -pparam0=BANK0 -AFARRAM=00h-00h -ACONFIG=0300000h-030000Dh \
  -pconfig=CONFIG -AIDLOC=0200000h-0200007h -pidloc=IDLOC \
  -AEEDATA=0F00000h-0F000FFh -peeprom_data=EEDATA \
  -prdata=COMRAM,nvrram=COMRAM,nvbit=COMRAM,rbss=COMRAM,rbit=COMRAM \
  -pfarbss=FARRAM,fardata=FARRAM \
  -pintsave_regs=BIGRAM,bigbss=BIGRAM,bigdata=BIGRAM -pbss=RAM \
  -pidata=CODE,irdata=CODE,ibigdata=CODE,ifardata=CODE startup.obj \
  ledtoggle.obj 

Object code version is 3.10

Machine type is 18F4431

Call graph: (short form)

*_main size 0,1 offset 0
     _init size 0,0 offset 1
*    _setSlaveAddr size 1,2 offset 1
*        _delay size 2,5 offset 4
     _toggleLed size 0,0 offset 1
         _delay size 2,5 offset 4

Estimated maximum call depth: 2


                Name          Link     Load   Length Selector Space Scale
startup.obj     init             0        0        4       0     0
ledtoggle.obj   text4         3F4A     3F4A       B6    1FA5     0
                text3         3E68     3E68       20    1F34     0
                text0         3EBE     3EBE       3C    1F5F     0
                text2         3EFA     3EFA       50    1F7D     0
                text1         3E88     3E88       36    1F44     0

COMMON          param0          F5       F5        B      F5     1

TOTAL           Name          Link     Load   Length  Space
        CLASS   CODE           
                init             0        0        4     0
                text4         3F4A     3F4A       B6     0
                text3         3E68     3E68       20     0
                text0         3EBE     3EBE       3C     0
                text2         3EFA     3EFA       50     0
                text1         3E88     3E88       36     0

        CLASS   CONST          

        CLASS   SMALLCONST     

        CLASS   MEDIUMCONST    

        CLASS   RAM            

        CLASS   BIGRAM         

        CLASS   COMRAM         

        CLASS   ABS1           

        CLASS   BANK0          
                param0          F5       F5        B     1

        CLASS   BANK1          

        CLASS   BANK2          

        CLASS   NVRAM          

        CLASS   FARRAM         

        CLASS   CONFIG         

        CLASS   IDLOC          

        CLASS   EEDATA         



SEGMENTS        Name           Load    Length   Top     Selector    Space Class

                reset_vec       000000  000004  000004         0       0  CODE    
                param0          0000F5  00000B  000100        F5       1  BANK0   
                text3           003E68  000020  003E88      1F34       0  CODE    
                text1           003E88  000036  003EBE      1F44       0  CODE    
                text0           003EBE  00003C  003EFA      1F5F       0  CODE    
                text2           003EFA  000050  003F4A      1F7D       0  CODE    
                text4           003F4A  0000B6  004000      1FA5       0  CODE    


UNUSED ADDRESS RANGES

        BANK0            000000-0000F4
        BANK1            000100-0001FF
        BANK2            000200-00029F
        BIGRAM           000000-0000F4
                         000100-00029F
        CODE             000004-003E67
        COMRAM           000000-00005F
        CONFIG           300000-30000D
        CONST            000004-003E67
        EEDATA           F00000-F000FF
        IDLOC            200000-200007
        MEDIUMCONST      000300-003E67
        NVRAM            000200-00029F
        RAM              000000-0000F4
                         000100-00029F
        SMALLCONST       000300-003E67

                                  Symbol Table

??_delay              param0       0000FB
??_init               param0       0000F6
??_main               param0       0000F5
??_setSlaveAddr       param0       0000F7
??_toggleLed          param0       0000F6
?_delay               param0       0000F9
?_init                param0       0000F6
?_main                param0       0000F5
?_setSlaveAddr        param0       0000F6
?_toggleLed           param0       0000F6
_GIE                  (abs)        007F97
_OSCCON               (abs)        000FD3
_PEIE                 (abs)        007F96
_PORTB                (abs)        000F81
_PORTD                (abs)        000F83
_SSPADD               (abs)        000FC8
_SSPCON               (abs)        000FC6
_SSPIE                (abs)        007CEB
_SSPIF                (abs)        007CF3
_TRISB                (abs)        000F93
_TRISD                (abs)        000F95
__HRAM                (abs)        000000
__Hbigbss             bigbss       000100
__Hbigdata            bigdata      000100
__Hbss                bss          000000
__Hclrtext            clrtext      000004
__Hconfig             config       300000
__Hconst              const        000004
__Hdata               data         000004
__Heeprom_data        eeprom_data  F00000
__Hend_init           end_init     000004
__Hfarbss             farbss       000000
__Hfardata            fardata      000000
__Hibigdata           ibigdata     000004
__Hidata              idata        000004
__Hidloc              idloc        200000
__Hifardata           ifardata     000004
__Hinit               init         000004
__Hintcode            intcode      000000
__Hintcodelo          intcodelo    000000
__Hintentry           intentry     000004
__Hintret             intret       000004
__Hintsave_regs       intsave_regs 000100
__Hirdata             irdata       000004
__Hmediumconst        mediumconst  000300
__Hnvbit              nvbit        000000
__Hnvram              nvram        000004
__Hnvrram             nvrram       000000
__Hparam              param0       000100
__Hparam0             param0       000100
__Hparam1             param1       000004
__Hparam2             param2       000004
__Hpowerup            powerup      000000
__Hramtop             ramtop       000300
__Hrbit               rbit         000000
__Hrbss               rbss         000000
__Hrdata              rdata        000000
__Hreset_vec          reset_vec    000000
__Hrparam             rparam       000004
__Hsmallconst         smallconst   000300
__Hstruct             struct       000000
__Htemp               temp         000000
__Htext               text         000004
__Htext0              text0        000004
__Htext1              text1        000004
__Htext2              text2        000004
__Htext3              text3        000004
__Htext4              text4        000004
__LRAM                (abs)        000001
__Lbigbss             bigbss       000100
__Lbigdata            bigdata      000100
__Lbss                bss          000000
__Lclrtext            clrtext      000004
__Lconfig             config       300000
__Lconst              const        000004
__Ldata               (abs)        000000
__Leeprom_data        eeprom_data  F00000
__Lend_init           end_init     000004
__Lfarbss             farbss       000000
__Lfardata            fardata      000000
__Libigdata           ibigdata     000004
__Lidata              idata        000004
__Lidloc              idloc        200000
__Lifardata           ifardata     000004
__Linit               init         000000
__Lintcode            intcode      000000
__Lintcodelo          intcodelo    000000
__Lintentry           intentry     000004
__Lintret             intret       000004
__Lintsave_regs       intsave_regs 000100
__Lirdata             irdata       000004
__Lmediumconst        mediumconst  000300
__Lnvbit              nvbit        000000
__Lnvram              nvram        000004
__Lnvrram             nvrram       000000
__Lparam              param0       0000F5
__Lparam0             param0       0000F5
__Lparam1             param1       000004
__Lparam2             param2       000004
__Lpowerup            powerup      000000
__Lramtop             ramtop       000300
__Lrbit               rbit         000000
__Lrbss               rbss         000000
__Lrdata              rdata        000000
__Lreset_vec          reset_vec    000000
__Lrparam             rparam       000004
__Lsmallconst         smallconst   000300
__Lstruct             struct       000000
__Ltemp               temp         000000
__Ltext               text         000004
__Ltext0              text0        000004
__Ltext1              text1        000004
__Ltext2              text2        000004
__Ltext3              text3        000004
__Ltext4              text4        000004
__S0                  (abs)        F00000
__S1                  (abs)        000200
__accesstop           (abs)        000060
__activetblptr        (abs)        000000
__end_of_delay        text4        004000
__end_of_init         text3        003E88
__end_of_main         text0        003EFA
__end_of_setSlaveAddr text2        003F4A
__end_of_toggleLed    text1        003EBE
__mediumconst         mediumconst  000300
__ramtop              ramtop       000300
__smallconst          smallconst   000300
_delay                text4        003F4A
_exit                 init         000000
_init                 text3        003E68
_main                 text0        003EBE
_setSlaveAddr         text2        003EFA
_toggleLed            text1        003E88
delay@cnt             param0       0000F9
delay@i               param0       0000FB
delay@j               param0       0000FD
intlevel0             text         000004
intlevel1             text         000004
intlevel2             text         000004
intlevel3             text         000004
setSlaveAddr@addr     param0       0000F6
setSlaveAddr@addrBkp  param0       0000F7
start                 init         000000
